// Jest Snapshot v1, https://goo.gl/fbAQLP

exports[`should render expense list items correctly 1`] = `
<div>
  <Link
    replace={false}
    to="/edit/1"
  >
    gum
  </Link>
  <p>
    $1.95
    - 
    12/31/1969
  </p>
</div>
`;
